root@raspberry-violane:~# sudo journalctl -u ssh.service
Jul 01 13:13:07 raspberry-violane.example.com systemd[1]: Starting OpenBSD Secure Shell server...
Jul 01 13:13:07 raspberry-violane.example.com sshd[847]: Server listening on 0.0.0.0 port 22.
Jul 01 13:13:07 raspberry-violane.example.com sshd[847]: Server listening on :: port 22.
Jul 01 13:13:07 raspberry-violane.example.com systemd[1]: Started OpenBSD Secure Shell server.
Jul 01 13:13:09 raspberry-violane.example.com sshd[847]: Received signal 15; terminating.
Jul 01 13:13:09 raspberry-violane.example.com systemd[1]: Stopping OpenBSD Secure Shell server...
Jul 01 13:13:09 raspberry-violane.example.com systemd[1]: ssh.service: Deactivated successfully.
Jul 01 13:13:09 raspberry-violane.example.com systemd[1]: Stopped OpenBSD Secure Shell server.
-- Boot 535234e460b14424825d9b121acf926f --
Jul 01 13:13:29 raspberry-violane.example.com systemd[1]: Starting OpenBSD Secure Shell server...
Jul 01 13:13:29 raspberry-violane.example.com sshd[841]: Server listening on 0.0.0.0 port 22.
Jul 01 13:13:29 raspberry-violane.example.com sshd[841]: Server listening on :: port 22.
Jul 01 13:13:29 raspberry-violane.example.com systemd[1]: Started OpenBSD Secure Shell server.
Jul 01 13:16:22 raspberry-violane.example.com sshd[848]: error: kex_exchange_identification: Connection closed by remote host
Jul 01 13:16:22 raspberry-violane.example.com sshd[848]: Connection closed by 209.141.52.163 port 42612
Jul 01 13:16:23 raspberry-violane.example.com sshd[849]: pam_unix(sshd:auth): authentication failure; logname= uid=0 euid=0 tty=ssh ruser= rhost=209.141.52.163  user=root
Jul 01 13:16:25 raspberry-violane.example.com sshd[849]: Failed password for root from 209.141.52.163 port 42618 ssh2
Jul 01 13:16:26 raspberry-violane.example.com sshd[849]: Connection closed by authenticating user root 209.141.52.163 port 42618 [preauth]
Jul 01 13:16:27 raspberry-violane.example.com sshd[851]: Invalid user admin from 209.141.52.163 port 42622
Jul 01 13:16:27 raspberry-violane.example.com sshd[851]: pam_unix(sshd:auth): check pass; user unknown
Jul 01 13:16:27 raspberry-violane.example.com sshd[851]: pam_unix(sshd:auth): authentication failure; logname= uid=0 euid=0 tty=ssh ruser= rhost=209.141.52.163
Jul 01 13:16:29 raspberry-violane.example.com sshd[851]: Failed password for invalid user admin from 209.141.52.163 port 42622 ssh2
Jul 01 13:16:32 raspberry-violane.example.com sshd[853]: error: kex_exchange_identification: read: Connection reset by peer
Jul 01 13:16:32 raspberry-violane.example.com sshd[853]: Connection reset by 42.194.236.9 port 52418
Jul 01 13:16:33 raspberry-violane.example.com sshd[851]: Connection closed by invalid user admin 209.141.52.163 port 42622 [preauth]
Jul 01 13:16:35 raspberry-violane.example.com sshd[854]: Invalid user pi from 209.141.52.163 port 48022
Jul 01 13:16:35 raspberry-violane.example.com sshd[855]: Invalid user admin from 42.194.236.9 port 32832
Jul 01 13:16:35 raspberry-violane.example.com sshd[855]: pam_unix(sshd:auth): check pass; user unknown
Jul 01 13:16:35 raspberry-violane.example.com sshd[855]: pam_unix(sshd:auth): authentication failure; logname= uid=0 euid=0 tty=ssh ruser= rhost=42.194.236.9
Jul 01 13:16:35 raspberry-violane.example.com sshd[854]: pam_unix(sshd:auth): check pass; user unknown
Jul 01 13:16:35 raspberry-violane.example.com sshd[854]: pam_unix(sshd:auth): authentication failure; logname= uid=0 euid=0 tty=ssh ruser= rhost=209.141.52.163
Jul 01 13:16:37 raspberry-violane.example.com sshd[855]: Failed password for invalid user admin from 42.194.236.9 port 32832 ssh2
Jul 01 13:16:37 raspberry-violane.example.com sshd[854]: Failed password for invalid user pi from 209.141.52.163 port 48022 ssh2
Jul 01 13:16:38 raspberry-violane.example.com sshd[855]: Connection closed by invalid user admin 42.194.236.9 port 32832 [preauth]
Jul 01 13:16:39 raspberry-violane.example.com sshd[854]: Connection closed by invalid user pi 209.141.52.163 port 48022 [preauth]
Jul 01 13:16:39 raspberry-violane.example.com sshd[859]: Invalid user fa from 209.141.52.163 port 48042
Jul 01 13:16:39 raspberry-violane.example.com sshd[859]: pam_unix(sshd:auth): check pass; user unknown
Jul 01 13:16:39 raspberry-violane.example.com sshd[859]: pam_unix(sshd:auth): authentication failure; logname= uid=0 euid=0 tty=ssh ruser= rhost=209.141.52.163
Jul 01 13:16:41 raspberry-violane.example.com sshd[858]: pam_unix(sshd:auth): authentication failure; logname= uid=0 euid=0 tty=ssh ruser= rhost=42.194.236.9  user=root
Jul 01 13:16:42 raspberry-violane.example.com sshd[859]: Failed password for invalid user fa from 209.141.52.163 port 48042 ssh2
Jul 01 13:16:43 raspberry-violane.example.com sshd[858]: Failed password for root from 42.194.236.9 port 53136 ssh2
Jul 01 13:16:44 raspberry-violane.example.com sshd[858]: Connection closed by authenticating user root 42.194.236.9 port 53136 [preauth]
Jul 01 13:16:45 raspberry-violane.example.com sshd[859]: Connection closed by invalid user fa 209.141.52.163 port 48042 [preauth]
Jul 01 13:16:46 raspberry-violane.example.com sshd[862]: Invalid user resetroot from 209.141.52.163 port 45094
Jul 01 13:16:46 raspberry-violane.example.com sshd[862]: pam_unix(sshd:auth): check pass; user unknown
Jul 01 13:16:46 raspberry-violane.example.com sshd[862]: pam_unix(sshd:auth): authentication failure; logname= uid=0 euid=0 tty=ssh ruser= rhost=209.141.52.163
Jul 01 13:16:48 raspberry-violane.example.com sshd[862]: Failed password for invalid user resetroot from 209.141.52.163 port 45094 ssh2
Jul 01 13:16:49 raspberry-violane.example.com sshd[862]: Connection closed by invalid user resetroot 209.141.52.163 port 45094 [preauth]
Jul 01 13:16:50 raspberry-violane.example.com sshd[864]: Invalid user resetcraft from 209.141.52.163 port 45110
Jul 01 13:16:50 raspberry-violane.example.com sshd[864]: pam_unix(sshd:auth): check pass; user unknown
Jul 01 13:16:50 raspberry-violane.example.com sshd[864]: pam_unix(sshd:auth): authentication failure; logname= uid=0 euid=0 tty=ssh ruser= rhost=209.141.52.163
Jul 01 13:16:52 raspberry-violane.example.com sshd[864]: Failed password for invalid user resetcraft from 209.141.52.163 port 45110 ssh2
Jul 01 13:16:52 raspberry-violane.example.com sshd[864]: Connection closed by invalid user resetcraft 209.141.52.163 port 45110 [preauth]
Jul 01 13:16:53 raspberry-violane.example.com sshd[868]: Invalid user resetadmin from 209.141.52.163 port 44038
Jul 01 13:16:53 raspberry-violane.example.com sshd[868]: pam_unix(sshd:auth): check pass; user unknown
Jul 01 13:16:53 raspberry-violane.example.com sshd[868]: pam_unix(sshd:auth): authentication failure; logname= uid=0 euid=0 tty=ssh ruser= rhost=209.141.52.163
Jul 01 13:16:55 raspberry-violane.example.com sshd[868]: Failed password for invalid user resetadmin from 209.141.52.163 port 44038 ssh2
Jul 01 13:16:56 raspberry-violane.example.com sshd[868]: Connection closed by invalid user resetadmin 209.141.52.163 port 44038 [preauth]
Jul 01 13:16:56 raspberry-violane.example.com sshd[866]: Invalid user ubnt from 42.194.236.9 port 33230
Jul 01 13:16:59 raspberry-violane.example.com sshd[866]: pam_unix(sshd:auth): check pass; user unknown
Jul 01 13:16:59 raspberry-violane.example.com sshd[866]: pam_unix(sshd:auth): authentication failure; logname= uid=0 euid=0 tty=ssh ruser= rhost=42.194.236.9
Jul 01 13:17:01 raspberry-violane.example.com sshd[870]: Connection closed by 209.141.52.163 port 44044 [preauth]
Jul 01 13:17:01 raspberry-violane.example.com sshd[866]: Failed password for invalid user ubnt from 42.194.236.9 port 33230 ssh2
Jul 01 13:17:02 raspberry-violane.example.com sshd[872]: Invalid user debug from 209.141.52.163 port 59938
Jul 01 13:17:02 raspberry-violane.example.com sshd[872]: pam_unix(sshd:auth): check pass; user unknown
Jul 01 13:17:02 raspberry-violane.example.com sshd[872]: pam_unix(sshd:auth): authentication failure; logname= uid=0 euid=0 tty=ssh ruser= rhost=209.141.52.163
Jul 01 13:17:03 raspberry-violane.example.com sshd[866]: Connection closed by invalid user ubnt 42.194.236.9 port 33230 [preauth]
Jul 01 13:17:04 raspberry-violane.example.com sshd[872]: Failed password for invalid user debug from 209.141.52.163 port 59938 ssh2
Jul 01 13:17:05 raspberry-violane.example.com sshd[872]: Connection closed by invalid user debug 209.141.52.163 port 59938 [preauth]
Jul 01 13:17:06 raspberry-violane.example.com sshd[874]: Invalid user ansible from 42.194.236.9 port 49812
Jul 01 13:17:06 raspberry-violane.example.com sshd[876]: Invalid user mysql from 209.141.52.163 port 59948
Jul 01 13:17:06 raspberry-violane.example.com sshd[874]: pam_unix(sshd:auth): check pass; user unknown
Jul 01 13:17:06 raspberry-violane.example.com sshd[874]: pam_unix(sshd:auth): authentication failure; logname= uid=0 euid=0 tty=ssh ruser= rhost=42.194.236.9
Jul 01 13:17:06 raspberry-violane.example.com sshd[876]: pam_unix(sshd:auth): check pass; user unknown
Jul 01 13:17:06 raspberry-violane.example.com sshd[876]: pam_unix(sshd:auth): authentication failure; logname= uid=0 euid=0 tty=ssh ruser= rhost=209.141.52.163
Jul 01 13:17:08 raspberry-violane.example.com sshd[874]: Failed password for invalid user ansible from 42.194.236.9 port 49812 ssh2
Jul 01 13:17:08 raspberry-violane.example.com sshd[876]: Failed password for invalid user mysql from 209.141.52.163 port 59948 ssh2
Jul 01 13:17:08 raspberry-violane.example.com sshd[874]: Connection closed by invalid user ansible 42.194.236.9 port 49812 [preauth]
Jul 01 13:17:09 raspberry-violane.example.com sshd[876]: Connection closed by invalid user mysql 209.141.52.163 port 59948 [preauth]
Jul 01 13:17:10 raspberry-violane.example.com sshd[880]: Invalid user orangepi from 209.141.52.163 port 59964
Jul 01 13:17:10 raspberry-violane.example.com sshd[880]: pam_unix(sshd:auth): check pass; user unknown
Jul 01 13:17:10 raspberry-violane.example.com sshd[880]: pam_unix(sshd:auth): authentication failure; logname= uid=0 euid=0 tty=ssh ruser= rhost=209.141.52.163
Jul 01 13:17:11 raspberry-violane.example.com sshd[878]: pam_unix(sshd:auth): authentication failure; logname= uid=0 euid=0 tty=ssh ruser= rhost=42.194.236.9  user=root
Jul 01 13:17:12 raspberry-violane.example.com sshd[880]: Failed password for invalid user orangepi from 209.141.52.163 port 59964 ssh2
Jul 01 13:17:13 raspberry-violane.example.com sshd[878]: Failed password for root from 42.194.236.9 port 54220 ssh2
Jul 01 13:17:14 raspberry-violane.example.com sshd[880]: Connection closed by invalid user orangepi 209.141.52.163 port 59964 [preauth]
Jul 01 13:17:14 raspberry-violane.example.com sshd[878]: Connection closed by authenticating user root 42.194.236.9 port 54220 [preauth]
Jul 01 13:17:15 raspberry-violane.example.com sshd[882]: Invalid user postgres from 209.141.52.163 port 56750
Jul 01 13:17:15 raspberry-violane.example.com sshd[882]: pam_unix(sshd:auth): check pass; user unknown
Jul 01 13:17:15 raspberry-violane.example.com sshd[882]: pam_unix(sshd:auth): authentication failure; logname= uid=0 euid=0 tty=ssh ruser= rhost=209.141.52.163
Jul 01 13:17:17 raspberry-violane.example.com sshd[882]: Failed password for invalid user postgres from 209.141.52.163 port 56750 ssh2
Jul 01 13:17:17 raspberry-violane.example.com sshd[882]: Connection closed by invalid user postgres 209.141.52.163 port 56750 [preauth]
Jul 01 13:17:18 raspberry-violane.example.com sshd[884]: Invalid user moxa from 42.194.236.9 port 36618
Jul 01 13:17:18 raspberry-violane.example.com sshd[884]: pam_unix(sshd:auth): check pass; user unknown
Jul 01 13:17:18 raspberry-violane.example.com sshd[884]: pam_unix(sshd:auth): authentication failure; logname= uid=0 euid=0 tty=ssh ruser= rhost=42.194.236.9
Jul 01 13:17:18 raspberry-violane.example.com sshd[886]: Invalid user appuser from 209.141.52.163 port 56772
Jul 01 13:17:19 raspberry-violane.example.com sshd[886]: pam_unix(sshd:auth): check pass; user unknown
Jul 01 13:17:19 raspberry-violane.example.com sshd[886]: pam_unix(sshd:auth): authentication failure; logname= uid=0 euid=0 tty=ssh ruser= rhost=209.141.52.163
Jul 01 13:17:20 raspberry-violane.example.com sshd[884]: Failed password for invalid user moxa from 42.194.236.9 port 36618 ssh2
Jul 01 13:17:21 raspberry-violane.example.com sshd[886]: Failed password for invalid user appuser from 209.141.52.163 port 56772 ssh2
Jul 01 13:17:21 raspberry-violane.example.com sshd[884]: Connection closed by invalid user moxa 42.194.236.9 port 36618 [preauth]
Jul 01 13:17:23 raspberry-violane.example.com sshd[886]: Connection closed by invalid user appuser 209.141.52.163 port 56772 [preauth]
Jul 01 13:17:23 raspberry-violane.example.com sshd[890]: Invalid user ubuntu from 209.141.52.163 port 46420
Jul 01 13:17:23 raspberry-violane.example.com sshd[888]: pam_unix(sshd:auth): authentication failure; logname= uid=0 euid=0 tty=ssh ruser= rhost=42.194.236.9  user=root
Jul 01 13:17:23 raspberry-violane.example.com sshd[890]: pam_unix(sshd:auth): check pass; user unknown
Jul 01 13:17:23 raspberry-violane.example.com sshd[890]: pam_unix(sshd:auth): authentication failure; logname= uid=0 euid=0 tty=ssh ruser= rhost=209.141.52.163
Jul 01 13:17:25 raspberry-violane.example.com sshd[888]: Failed password for root from 42.194.236.9 port 33988 ssh2
Jul 01 13:17:25 raspberry-violane.example.com sshd[890]: Failed password for invalid user ubuntu from 209.141.52.163 port 46420 ssh2
Jul 01 13:17:25 raspberry-violane.example.com sshd[890]: Connection closed by invalid user ubuntu 209.141.52.163 port 46420 [preauth]
Jul 01 13:17:26 raspberry-violane.example.com sshd[888]: Connection closed by authenticating user root 42.194.236.9 port 33988 [preauth]
Jul 01 13:17:26 raspberry-violane.example.com sshd[892]: Invalid user libuuid from 209.141.52.163 port 46426
Jul 01 13:17:26 raspberry-violane.example.com sshd[892]: pam_unix(sshd:auth): check pass; user unknown
Jul 01 13:17:26 raspberry-violane.example.com sshd[892]: pam_unix(sshd:auth): authentication failure; logname= uid=0 euid=0 tty=ssh ruser= rhost=209.141.52.163
Jul 01 13:17:27 raspberry-violane.example.com sshd[894]: Invalid user craft from 42.194.236.9 port 43204
Jul 01 13:17:27 raspberry-violane.example.com sshd[894]: pam_unix(sshd:auth): check pass; user unknown
Jul 01 13:17:27 raspberry-violane.example.com sshd[894]: pam_unix(sshd:auth): authentication failure; logname= uid=0 euid=0 tty=ssh ruser= rhost=42.194.236.9
Jul 01 13:17:28 raspberry-violane.example.com sshd[892]: Failed password for invalid user libuuid from 209.141.52.163 port 46426 ssh2
Jul 01 13:17:29 raspberry-violane.example.com sshd[892]: Connection closed by invalid user libuuid 209.141.52.163 port 46426 [preauth]
Jul 01 13:17:29 raspberry-violane.example.com sshd[894]: Failed password for invalid user craft from 42.194.236.9 port 43204 ssh2
Jul 01 13:17:29 raspberry-violane.example.com sshd[896]: Invalid user systemx from 209.141.52.163 port 46428
Jul 01 13:17:29 raspberry-violane.example.com sshd[894]: Connection closed by invalid user craft 42.194.236.9 port 43204 [preauth]
Jul 01 13:17:29 raspberry-violane.example.com sshd[896]: pam_unix(sshd:auth): check pass; user unknown
Jul 01 13:17:29 raspberry-violane.example.com sshd[896]: pam_unix(sshd:auth): authentication failure; logname= uid=0 euid=0 tty=ssh ruser= rhost=209.141.52.163
Jul 01 13:17:32 raspberry-violane.example.com sshd[896]: Failed password for invalid user systemx from 209.141.52.163 port 46428 ssh2
Jul 01 13:17:34 raspberry-violane.example.com sshd[896]: Connection closed by invalid user systemx 209.141.52.163 port 46428 [preauth]
Jul 01 13:17:34 raspberry-violane.example.com sshd[898]: pam_unix(sshd:auth): authentication failure; logname= uid=0 euid=0 tty=ssh ruser= rhost=42.194.236.9  user=root
Jul 01 13:17:35 raspberry-violane.example.com sshd[900]: Invalid user systemd from 209.141.52.163 port 39904
Jul 01 13:17:35 raspberry-violane.example.com sshd[900]: pam_unix(sshd:auth): check pass; user unknown
Jul 01 13:17:35 raspberry-violane.example.com sshd[900]: pam_unix(sshd:auth): authentication failure; logname= uid=0 euid=0 tty=ssh ruser= rhost=209.141.52.163
Jul 01 13:17:35 raspberry-violane.example.com sshd[898]: Failed password for root from 42.194.236.9 port 44128 ssh2
Jul 01 13:17:37 raspberry-violane.example.com sshd[900]: Failed password for invalid user systemd from 209.141.52.163 port 39904 ssh2
Jul 01 13:17:37 raspberry-violane.example.com sshd[898]: Connection closed by authenticating user root 42.194.236.9 port 44128 [preauth]
Jul 01 13:17:38 raspberry-violane.example.com sshd[900]: Connection closed by invalid user systemd 209.141.52.163 port 39904 [preauth]
Jul 01 13:17:38 raspberry-violane.example.com sshd[904]: Invalid user moxa from 209.141.52.163 port 39916
Jul 01 13:17:39 raspberry-violane.example.com sshd[904]: pam_unix(sshd:auth): check pass; user unknown
Jul 01 13:17:39 raspberry-violane.example.com sshd[904]: pam_unix(sshd:auth): authentication failure; logname= uid=0 euid=0 tty=ssh ruser= rhost=209.141.52.163
Jul 01 13:17:40 raspberry-violane.example.com sshd[902]: Invalid user user from 42.194.236.9 port 39422
Jul 01 13:17:40 raspberry-violane.example.com sshd[902]: pam_unix(sshd:auth): check pass; user unknown
Jul 01 13:17:40 raspberry-violane.example.com sshd[902]: pam_unix(sshd:auth): authentication failure; logname= uid=0 euid=0 tty=ssh ruser= rhost=42.194.236.9
Jul 01 13:17:41 raspberry-violane.example.com sshd[904]: Failed password for invalid user moxa from 209.141.52.163 port 39916 ssh2
Jul 01 13:17:42 raspberry-violane.example.com sshd[904]: Connection closed by invalid user moxa 209.141.52.163 port 39916 [preauth]
Jul 01 13:17:42 raspberry-violane.example.com sshd[902]: Failed password for invalid user user from 42.194.236.9 port 39422 ssh2
Jul 01 13:17:43 raspberry-violane.example.com sshd[902]: Connection closed by invalid user user 42.194.236.9 port 39422 [preauth]
Jul 01 13:17:43 raspberry-violane.example.com sshd[906]: Invalid user user from 209.141.52.163 port 42268
Jul 01 13:17:43 raspberry-violane.example.com sshd[906]: pam_unix(sshd:auth): check pass; user unknown
Jul 01 13:17:43 raspberry-violane.example.com sshd[906]: pam_unix(sshd:auth): authentication failure; logname= uid=0 euid=0 tty=ssh ruser= rhost=209.141.52.163
Jul 01 13:17:45 raspberry-violane.example.com sshd[908]: Invalid user pi from 42.194.236.9 port 59514
Jul 01 13:17:45 raspberry-violane.example.com sshd[908]: pam_unix(sshd:auth): check pass; user unknown
Jul 01 13:17:45 raspberry-violane.example.com sshd[908]: pam_unix(sshd:auth): authentication failure; logname= uid=0 euid=0 tty=ssh ruser= rhost=42.194.236.9
Jul 01 13:17:46 raspberry-violane.example.com sshd[906]: Failed password for invalid user user from 209.141.52.163 port 42268 ssh2
Jul 01 13:17:47 raspberry-violane.example.com sshd[908]: Failed password for invalid user pi from 42.194.236.9 port 59514 ssh2
Jul 01 13:17:48 raspberry-violane.example.com sshd[908]: Connection closed by invalid user pi 42.194.236.9 port 59514 [preauth]
Jul 01 13:17:50 raspberry-violane.example.com sshd[910]: Invalid user ubuntu from 42.194.236.9 port 35580
Jul 01 13:17:50 raspberry-violane.example.com sshd[910]: pam_unix(sshd:auth): check pass; user unknown
Jul 01 13:17:50 raspberry-violane.example.com sshd[910]: pam_unix(sshd:auth): authentication failure; logname= uid=0 euid=0 tty=ssh ruser= rhost=42.194.236.9
Jul 01 13:17:50 raspberry-violane.example.com sshd[906]: Connection closed by invalid user user 209.141.52.163 port 42268 [preauth]
Jul 01 13:17:51 raspberry-violane.example.com sshd[910]: Failed password for invalid user ubuntu from 42.194.236.9 port 35580 ssh2
Jul 01 13:17:51 raspberry-violane.example.com sshd[912]: Invalid user user1 from 209.141.52.163 port 42272
Jul 01 13:17:52 raspberry-violane.example.com sshd[912]: pam_unix(sshd:auth): check pass; user unknown
Jul 01 13:17:52 raspberry-violane.example.com sshd[912]: pam_unix(sshd:auth): authentication failure; logname= uid=0 euid=0 tty=ssh ruser= rhost=209.141.52.163
Jul 01 13:17:52 raspberry-violane.example.com sshd[910]: Connection closed by invalid user ubuntu 42.194.236.9 port 35580 [preauth]
Jul 01 13:17:54 raspberry-violane.example.com sshd[912]: Failed password for invalid user user1 from 209.141.52.163 port 42272 ssh2
Jul 01 13:17:54 raspberry-violane.example.com sshd[914]: Invalid user admin from 42.194.236.9 port 39200
Jul 01 13:17:55 raspberry-violane.example.com sshd[914]: pam_unix(sshd:auth): check pass; user unknown
Jul 01 13:17:55 raspberry-violane.example.com sshd[914]: pam_unix(sshd:auth): authentication failure; logname= uid=0 euid=0 tty=ssh ruser= rhost=42.194.236.9
Jul 01 13:17:56 raspberry-violane.example.com sshd[912]: Connection closed by invalid user user1 209.141.52.163 port 42272 [preauth]
Jul 01 13:17:57 raspberry-violane.example.com sshd[916]: Invalid user pvm from 209.141.52.163 port 39852
Jul 01 13:17:57 raspberry-violane.example.com sshd[916]: pam_unix(sshd:auth): check pass; user unknown
Jul 01 13:17:57 raspberry-violane.example.com sshd[916]: pam_unix(sshd:auth): authentication failure; logname= uid=0 euid=0 tty=ssh ruser= rhost=209.141.52.163
Jul 01 13:17:58 raspberry-violane.example.com sshd[914]: Failed password for invalid user admin from 42.194.236.9 port 39200 ssh2
Jul 01 13:17:58 raspberry-violane.example.com sshd[914]: Connection closed by invalid user admin 42.194.236.9 port 39200 [preauth]
Jul 01 13:17:59 raspberry-violane.example.com sshd[916]: Failed password for invalid user pvm from 209.141.52.163 port 39852 ssh2
Jul 01 13:18:00 raspberry-violane.example.com sshd[916]: Connection closed by invalid user pvm 209.141.52.163 port 39852 [preauth]
Jul 01 13:18:00 raspberry-violane.example.com sshd[918]: Invalid user ubnt from 42.194.236.9 port 59348
Jul 01 13:18:01 raspberry-violane.example.com sshd[920]: Invalid user amanda from 209.141.52.163 port 39866
Jul 01 13:18:01 raspberry-violane.example.com sshd[918]: pam_unix(sshd:auth): check pass; user unknown
Jul 01 13:18:01 raspberry-violane.example.com sshd[918]: pam_unix(sshd:auth): authentication failure; logname= uid=0 euid=0 tty=ssh ruser= rhost=42.194.236.9
Jul 01 13:18:01 raspberry-violane.example.com sshd[920]: pam_unix(sshd:auth): check pass; user unknown
Jul 01 13:18:01 raspberry-violane.example.com sshd[920]: pam_unix(sshd:auth): authentication failure; logname= uid=0 euid=0 tty=ssh ruser= rhost=209.141.52.163
Jul 01 13:18:03 raspberry-violane.example.com sshd[918]: Failed password for invalid user ubnt from 42.194.236.9 port 59348 ssh2
Jul 01 13:18:03 raspberry-violane.example.com sshd[920]: Failed password for invalid user amanda from 209.141.52.163 port 39866 ssh2
Jul 01 13:18:04 raspberry-violane.example.com sshd[918]: Connection closed by invalid user ubnt 42.194.236.9 port 59348 [preauth]
Jul 01 13:18:09 raspberry-violane.example.com sshd[920]: Connection closed by invalid user amanda 209.141.52.163 port 39866 [preauth]
Jul 01 13:18:09 raspberry-violane.example.com sshd[922]: Invalid user akash from 42.194.236.9 port 51272
Jul 01 13:18:10 raspberry-violane.example.com sshd[922]: pam_unix(sshd:auth): check pass; user unknown
Jul 01 13:18:10 raspberry-violane.example.com sshd[922]: pam_unix(sshd:auth): authentication failure; logname= uid=0 euid=0 tty=ssh ruser= rhost=42.194.236.9
Jul 01 13:18:11 raspberry-violane.example.com sshd[924]: Invalid user ec2-user from 209.141.52.163 port 54854
Jul 01 13:18:11 raspberry-violane.example.com sshd[924]: pam_unix(sshd:auth): check pass; user unknown
Jul 01 13:18:11 raspberry-violane.example.com sshd[924]: pam_unix(sshd:auth): authentication failure; logname= uid=0 euid=0 tty=ssh ruser= rhost=209.141.52.163
Jul 01 13:18:12 raspberry-violane.example.com sshd[922]: Failed password for invalid user akash from 42.194.236.9 port 51272 ssh2
Jul 01 13:18:12 raspberry-violane.example.com sshd[922]: Connection closed by invalid user akash 42.194.236.9 port 51272 [preauth]
Jul 01 13:18:13 raspberry-violane.example.com sshd[924]: Failed password for invalid user ec2-user from 209.141.52.163 port 54854 ssh2
Jul 01 13:18:14 raspberry-violane.example.com sshd[926]: Invalid user test from 42.194.236.9 port 59318
Jul 01 13:18:15 raspberry-violane.example.com sshd[926]: pam_unix(sshd:auth): check pass; user unknown
Jul 01 13:18:15 raspberry-violane.example.com sshd[926]: pam_unix(sshd:auth): authentication failure; logname= uid=0 euid=0 tty=ssh ruser= rhost=42.194.236.9
Jul 01 13:18:16 raspberry-violane.example.com sshd[926]: Failed password for invalid user test from 42.194.236.9 port 59318 ssh2
Jul 01 13:18:18 raspberry-violane.example.com sshd[924]: Connection closed by invalid user ec2-user 209.141.52.163 port 54854 [preauth]
Jul 01 13:18:19 raspberry-violane.example.com sshd[926]: Connection closed by invalid user test 42.194.236.9 port 59318 [preauth]
Jul 01 13:18:19 raspberry-violane.example.com sshd[928]: Invalid user junkbust from 209.141.52.163 port 45682
Jul 01 13:18:20 raspberry-violane.example.com sshd[928]: pam_unix(sshd:auth): check pass; user unknown
Jul 01 13:18:20 raspberry-violane.example.com sshd[928]: pam_unix(sshd:auth): authentication failure; logname= uid=0 euid=0 tty=ssh ruser= rhost=209.141.52.163
Jul 01 13:18:20 raspberry-violane.example.com sshd[930]: Invalid user orangepi from 42.194.236.9 port 35530
Jul 01 13:18:21 raspberry-violane.example.com sshd[930]: pam_unix(sshd:auth): check pass; user unknown
Jul 01 13:18:21 raspberry-violane.example.com sshd[930]: pam_unix(sshd:auth): authentication failure; logname= uid=0 euid=0 tty=ssh ruser= rhost=42.194.236.9
Jul 01 13:18:21 raspberry-violane.example.com sshd[928]: Failed password for invalid user junkbust from 209.141.52.163 port 45682 ssh2
Jul 01 13:18:21 raspberry-violane.example.com sshd[928]: Connection closed by invalid user junkbust 209.141.52.163 port 45682 [preauth]
Jul 01 13:18:22 raspberry-violane.example.com sshd[930]: Failed password for invalid user orangepi from 42.194.236.9 port 35530 ssh2
Jul 01 13:18:23 raspberry-violane.example.com sshd[930]: Connection closed by invalid user orangepi 42.194.236.9 port 35530 [preauth]
Jul 01 13:18:26 raspberry-violane.example.com sshd[933]: pam_unix(sshd:auth): authentication failure; logname= uid=0 euid=0 tty=ssh ruser= rhost=42.194.236.9  user=root
Jul 01 13:18:27 raspberry-violane.example.com sshd[932]: Invalid user lighthouse from 209.141.52.163 port 37298
Jul 01 13:18:27 raspberry-violane.example.com sshd[933]: Failed password for root from 42.194.236.9 port 47830 ssh2
Jul 01 13:18:27 raspberry-violane.example.com sshd[932]: pam_unix(sshd:auth): check pass; user unknown
Jul 01 13:18:27 raspberry-violane.example.com sshd[932]: pam_unix(sshd:auth): authentication failure; logname= uid=0 euid=0 tty=ssh ruser= rhost=209.141.52.163
Jul 01 13:18:28 raspberry-violane.example.com sshd[933]: Connection closed by authenticating user root 42.194.236.9 port 47830 [preauth]
Jul 01 13:18:29 raspberry-violane.example.com sshd[932]: Failed password for invalid user lighthouse from 209.141.52.163 port 37298 ssh2
Jul 01 13:18:29 raspberry-violane.example.com sshd[932]: Connection closed by invalid user lighthouse 209.141.52.163 port 37298 [preauth]
Jul 01 13:18:30 raspberry-violane.example.com sshd[936]: Invalid user ansadmin from 42.194.236.9 port 59942
Jul 01 13:18:30 raspberry-violane.example.com sshd[936]: pam_unix(sshd:auth): check pass; user unknown
Jul 01 13:18:30 raspberry-violane.example.com sshd[936]: pam_unix(sshd:auth): authentication failure; logname= uid=0 euid=0 tty=ssh ruser= rhost=42.194.236.9
Jul 01 13:18:32 raspberry-violane.example.com sshd[936]: Failed password for invalid user ansadmin from 42.194.236.9 port 59942 ssh2
Jul 01 13:18:34 raspberry-violane.example.com sshd[936]: Connection closed by invalid user ansadmin 42.194.236.9 port 59942 [preauth]
Jul 01 13:18:35 raspberry-violane.example.com sshd[939]: Invalid user oracle from 209.141.52.163 port 37314
Jul 01 13:18:35 raspberry-violane.example.com sshd[939]: Connection closed by invalid user oracle 209.141.52.163 port 37314 [preauth]
Jul 01 13:18:36 raspberry-violane.example.com sshd[943]: Invalid user test from 209.141.52.163 port 59416
Jul 01 13:18:36 raspberry-violane.example.com sshd[943]: pam_unix(sshd:auth): check pass; user unknown
Jul 01 13:18:36 raspberry-violane.example.com sshd[943]: pam_unix(sshd:auth): authentication failure; logname= uid=0 euid=0 tty=ssh ruser= rhost=209.141.52.163
Jul 01 13:18:37 raspberry-violane.example.com sshd[941]: pam_unix(sshd:auth): authentication failure; logname= uid=0 euid=0 tty=ssh ruser= rhost=42.194.236.9  user=root
Jul 01 13:18:38 raspberry-violane.example.com sshd[943]: Failed password for invalid user test from 209.141.52.163 port 59416 ssh2
Jul 01 13:18:39 raspberry-violane.example.com sshd[941]: Failed password for root from 42.194.236.9 port 51636 ssh2
Jul 01 13:18:39 raspberry-violane.example.com sshd[943]: Connection closed by invalid user test 209.141.52.163 port 59416 [preauth]
Jul 01 13:18:40 raspberry-violane.example.com sshd[945]: Invalid user debian from 209.141.52.163 port 59420
Jul 01 13:18:41 raspberry-violane.example.com sshd[941]: Connection closed by authenticating user root 42.194.236.9 port 51636 [preauth]
Jul 01 13:18:43 raspberry-violane.example.com sshd[947]: Invalid user postgres from 42.194.236.9 port 44364
Jul 01 13:18:43 raspberry-violane.example.com sshd[947]: pam_unix(sshd:auth): check pass; user unknown
Jul 01 13:18:43 raspberry-violane.example.com sshd[947]: pam_unix(sshd:auth): authentication failure; logname= uid=0 euid=0 tty=ssh ruser= rhost=42.194.236.9
Jul 01 13:18:44 raspberry-violane.example.com sshd[945]: pam_unix(sshd:auth): check pass; user unknown
Jul 01 13:18:44 raspberry-violane.example.com sshd[945]: pam_unix(sshd:auth): authentication failure; logname= uid=0 euid=0 tty=ssh ruser= rhost=209.141.52.163
Jul 01 13:18:45 raspberry-violane.example.com sshd[947]: Failed password for invalid user postgres from 42.194.236.9 port 44364 ssh2
Jul 01 13:18:46 raspberry-violane.example.com sshd[947]: Connection closed by invalid user postgres 42.194.236.9 port 44364 [preauth]
Jul 01 13:18:46 raspberry-violane.example.com sshd[945]: Failed password for invalid user debian from 209.141.52.163 port 59420 ssh2
Jul 01 13:18:46 raspberry-violane.example.com sshd[949]: Invalid user api from 209.141.52.163 port 59496
Jul 01 13:18:46 raspberry-violane.example.com sshd[945]: Connection closed by invalid user debian 209.141.52.163 port 59420 [preauth]
Jul 01 13:18:47 raspberry-violane.example.com sshd[949]: pam_unix(sshd:auth): check pass; user unknown
Jul 01 13:18:47 raspberry-violane.example.com sshd[949]: pam_unix(sshd:auth): authentication failure; logname= uid=0 euid=0 tty=ssh ruser= rhost=209.141.52.163
Jul 01 13:18:48 raspberry-violane.example.com sshd[949]: Failed password for invalid user api from 209.141.52.163 port 59496 ssh2
Jul 01 13:18:49 raspberry-violane.example.com sshd[949]: Connection closed by invalid user api 209.141.52.163 port 59496 [preauth]
Jul 01 13:18:50 raspberry-violane.example.com sshd[952]: Invalid user ansible from 209.141.52.163 port 59502
Jul 01 13:18:51 raspberry-violane.example.com sshd[952]: pam_unix(sshd:auth): check pass; user unknown
Jul 01 13:18:51 raspberry-violane.example.com sshd[952]: pam_unix(sshd:auth): authentication failure; logname= uid=0 euid=0 tty=ssh ruser= rhost=209.141.52.163
Jul 01 13:18:51 raspberry-violane.example.com sshd[951]: Invalid user pi from 42.194.236.9 port 49666
Jul 01 13:18:52 raspberry-violane.example.com sshd[951]: pam_unix(sshd:auth): check pass; user unknown
Jul 01 13:18:52 raspberry-violane.example.com sshd[951]: pam_unix(sshd:auth): authentication failure; logname= uid=0 euid=0 tty=ssh ruser= rhost=42.194.236.9
Jul 01 13:18:52 raspberry-violane.example.com sshd[952]: Failed password for invalid user ansible from 209.141.52.163 port 59502 ssh2
Jul 01 13:18:53 raspberry-violane.example.com sshd[952]: Connection closed by invalid user ansible 209.141.52.163 port 59502 [preauth]
Jul 01 13:18:53 raspberry-violane.example.com sshd[951]: Failed password for invalid user pi from 42.194.236.9 port 49666 ssh2
Jul 01 13:18:54 raspberry-violane.example.com sshd[955]: Invalid user linuxadmin from 209.141.52.163 port 55924
Jul 01 13:18:54 raspberry-violane.example.com sshd[951]: Connection closed by invalid user pi 42.194.236.9 port 49666 [preauth]
Jul 01 13:18:54 raspberry-violane.example.com sshd[955]: pam_unix(sshd:auth): check pass; user unknown
Jul 01 13:18:54 raspberry-violane.example.com sshd[955]: pam_unix(sshd:auth): authentication failure; logname= uid=0 euid=0 tty=ssh ruser= rhost=209.141.52.163
Jul 01 13:18:55 raspberry-violane.example.com sshd[957]: Invalid user jenkins from 42.194.236.9 port 56486
Jul 01 13:18:56 raspberry-violane.example.com sshd[957]: pam_unix(sshd:auth): check pass; user unknown
Jul 01 13:18:56 raspberry-violane.example.com sshd[957]: pam_unix(sshd:auth): authentication failure; logname= uid=0 euid=0 tty=ssh ruser= rhost=42.194.236.9
Jul 01 13:18:56 raspberry-violane.example.com sshd[955]: Failed password for invalid user linuxadmin from 209.141.52.163 port 55924 ssh2
Jul 01 13:18:58 raspberry-violane.example.com sshd[955]: Connection closed by invalid user linuxadmin 209.141.52.163 port 55924 [preauth]
Jul 01 13:18:58 raspberry-violane.example.com sshd[957]: Failed password for invalid user jenkins from 42.194.236.9 port 56486 ssh2
Jul 01 13:18:58 raspberry-violane.example.com sshd[959]: Invalid user sshadmin from 209.141.52.163 port 55934
Jul 01 13:18:59 raspberry-violane.example.com sshd[959]: pam_unix(sshd:auth): check pass; user unknown
Jul 01 13:18:59 raspberry-violane.example.com sshd[959]: pam_unix(sshd:auth): authentication failure; logname= uid=0 euid=0 tty=ssh ruser= rhost=209.141.52.163
Jul 01 13:18:59 raspberry-violane.example.com sshd[957]: Connection closed by invalid user jenkins 42.194.236.9 port 56486 [preauth]
Jul 01 13:19:00 raspberry-violane.example.com sshd[959]: Failed password for invalid user sshadmin from 209.141.52.163 port 55934 ssh2
Jul 01 13:19:02 raspberry-violane.example.com sshd[959]: Connection closed by invalid user sshadmin 209.141.52.163 port 55934 [preauth]
Jul 01 13:19:03 raspberry-violane.example.com sshd[1033]: Invalid user oracleuser from 209.141.52.163 port 36150
Jul 01 13:19:03 raspberry-violane.example.com sshd[1033]: pam_unix(sshd:auth): check pass; user unknown
Jul 01 13:19:03 raspberry-violane.example.com sshd[1033]: pam_unix(sshd:auth): authentication failure; logname= uid=0 euid=0 tty=ssh ruser= rhost=209.141.52.163
Jul 01 13:19:04 raspberry-violane.example.com sshd[1033]: Failed password for invalid user oracleuser from 209.141.52.163 port 36150 ssh2
Jul 01 13:19:05 raspberry-violane.example.com sshd[1044]: Invalid user fa from 42.194.236.9 port 47966
Jul 01 13:19:05 raspberry-violane.example.com sshd[1033]: Connection closed by invalid user oracleuser 209.141.52.163 port 36150 [preauth]
Jul 01 13:19:06 raspberry-violane.example.com sshd[1044]: pam_unix(sshd:auth): check pass; user unknown
Jul 01 13:19:06 raspberry-violane.example.com sshd[1044]: pam_unix(sshd:auth): authentication failure; logname= uid=0 euid=0 tty=ssh ruser= rhost=42.194.236.9
Jul 01 13:19:06 raspberry-violane.example.com sshd[1046]: Invalid user oracledba from 209.141.52.163 port 36152
Jul 01 13:19:06 raspberry-violane.example.com sshd[1046]: pam_unix(sshd:auth): check pass; user unknown
Jul 01 13:19:06 raspberry-violane.example.com sshd[1046]: pam_unix(sshd:auth): authentication failure; logname= uid=0 euid=0 tty=ssh ruser= rhost=209.141.52.163
Jul 01 13:19:08 raspberry-violane.example.com sshd[1044]: Failed password for invalid user fa from 42.194.236.9 port 47966 ssh2
Jul 01 13:19:09 raspberry-violane.example.com sshd[1046]: Failed password for invalid user oracledba from 209.141.52.163 port 36152 ssh2
Jul 01 13:19:17 raspberry-violane.example.com sshd[1046]: Connection closed by invalid user oracledba 209.141.52.163 port 36152 [preauth]
Jul 01 13:19:18 raspberry-violane.example.com sshd[1050]: Invalid user network_adm from 209.141.52.163 port 60064
Jul 01 13:19:18 raspberry-violane.example.com sshd[1050]: pam_unix(sshd:auth): check pass; user unknown
Jul 01 13:19:18 raspberry-violane.example.com sshd[1050]: pam_unix(sshd:auth): authentication failure; logname= uid=0 euid=0 tty=ssh ruser= rhost=209.141.52.163
Jul 01 13:19:20 raspberry-violane.example.com sshd[1044]: Connection closed by invalid user fa 42.194.236.9 port 47966 [preauth]
Jul 01 13:19:20 raspberry-violane.example.com sshd[1050]: Failed password for invalid user network_adm from 209.141.52.163 port 60064 ssh2
Jul 01 13:19:22 raspberry-violane.example.com sshd[1052]: Invalid user zjw from 42.194.236.9 port 53758
Jul 01 13:19:22 raspberry-violane.example.com sshd[1052]: pam_unix(sshd:auth): check pass; user unknown
Jul 01 13:19:22 raspberry-violane.example.com sshd[1052]: pam_unix(sshd:auth): authentication failure; logname= uid=0 euid=0 tty=ssh ruser= rhost=42.194.236.9
Jul 01 13:19:22 raspberry-violane.example.com sshd[1050]: Connection closed by invalid user network_adm 209.141.52.163 port 60064 [preauth]
Jul 01 13:19:23 raspberry-violane.example.com sshd[1052]: Failed password for invalid user zjw from 42.194.236.9 port 53758 ssh2
Jul 01 13:19:24 raspberry-violane.example.com sshd[1054]: Invalid user netadmin12 from 209.141.52.163 port 59304
Jul 01 13:19:24 raspberry-violane.example.com sshd[1054]: pam_unix(sshd:auth): check pass; user unknown
Jul 01 13:19:24 raspberry-violane.example.com sshd[1054]: pam_unix(sshd:auth): authentication failure; logname= uid=0 euid=0 tty=ssh ruser= rhost=209.141.52.163
Jul 01 13:19:24 raspberry-violane.example.com sshd[1052]: Connection closed by invalid user zjw 42.194.236.9 port 53758 [preauth]
Jul 01 13:19:26 raspberry-violane.example.com sshd[1054]: Failed password for invalid user netadmin12 from 209.141.52.163 port 59304 ssh2
Jul 01 13:19:26 raspberry-violane.example.com sshd[1056]: Invalid user admin from 42.194.236.9 port 58182
Jul 01 13:19:27 raspberry-violane.example.com sshd[1056]: pam_unix(sshd:auth): check pass; user unknown
Jul 01 13:19:27 raspberry-violane.example.com sshd[1056]: pam_unix(sshd:auth): authentication failure; logname= uid=0 euid=0 tty=ssh ruser= rhost=42.194.236.9
Jul 01 13:19:28 raspberry-violane.example.com sshd[1058]: Connection closed by 95.153.178.105 port 9462 [preauth]
Jul 01 13:19:28 raspberry-violane.example.com sshd[1056]: Failed password for invalid user admin from 42.194.236.9 port 58182 ssh2
Jul 01 13:19:28 raspberry-violane.example.com sshd[1054]: Connection closed by invalid user netadmin12 209.141.52.163 port 59304 [preauth]
Jul 01 13:19:28 raspberry-violane.example.com sshd[1056]: Connection closed by invalid user admin 42.194.236.9 port 58182 [preauth]
Jul 01 13:19:30 raspberry-violane.example.com sshd[1062]: Invalid user steam from 42.194.236.9 port 34198
Jul 01 13:19:30 raspberry-violane.example.com sshd[1062]: pam_unix(sshd:auth): check pass; user unknown
Jul 01 13:19:30 raspberry-violane.example.com sshd[1062]: pam_unix(sshd:auth): authentication failure; logname= uid=0 euid=0 tty=ssh ruser= rhost=42.194.236.9
Jul 01 13:19:31 raspberry-violane.example.com sshd[1060]: Invalid user mysqluser from 209.141.52.163 port 59312
Jul 01 13:19:31 raspberry-violane.example.com sshd[1060]: pam_unix(sshd:auth): check pass; user unknown
Jul 01 13:19:31 raspberry-violane.example.com sshd[1060]: pam_unix(sshd:auth): authentication failure; logname= uid=0 euid=0 tty=ssh ruser= rhost=209.141.52.163
Jul 01 13:19:32 raspberry-violane.example.com sshd[1062]: Failed password for invalid user steam from 42.194.236.9 port 34198 ssh2
Jul 01 13:19:33 raspberry-violane.example.com sshd[1062]: Connection closed by invalid user steam 42.194.236.9 port 34198 [preauth]
Jul 01 13:19:34 raspberry-violane.example.com sshd[1060]: Failed password for invalid user mysqluser from 209.141.52.163 port 59312 ssh2
Jul 01 13:19:34 raspberry-violane.example.com sshd[1060]: Connection closed by invalid user mysqluser 209.141.52.163 port 59312 [preauth]
Jul 01 13:19:34 raspberry-violane.example.com sshd[1066]: Invalid user mysqldba12 from 209.141.52.163 port 35892
Jul 01 13:19:34 raspberry-violane.example.com sshd[1066]: pam_unix(sshd:auth): check pass; user unknown
Jul 01 13:19:34 raspberry-violane.example.com sshd[1066]: pam_unix(sshd:auth): authentication failure; logname= uid=0 euid=0 tty=ssh ruser= rhost=209.141.52.163
Jul 01 13:19:35 raspberry-violane.example.com sshd[1064]: pam_unix(sshd:auth): authentication failure; logname= uid=0 euid=0 tty=ssh ruser= rhost=42.194.236.9  user=root
Jul 01 13:19:36 raspberry-violane.example.com sshd[1066]: Failed password for invalid user mysqldba12 from 209.141.52.163 port 35892 ssh2
Jul 01 13:19:37 raspberry-violane.example.com sshd[1066]: Connection closed by invalid user mysqldba12 209.141.52.163 port 35892 [preauth]
Jul 01 13:19:37 raspberry-violane.example.com sshd[1064]: Failed password for root from 42.194.236.9 port 38462 ssh2
Jul 01 13:19:38 raspberry-violane.example.com sshd[1064]: Connection closed by authenticating user root 42.194.236.9 port 38462 [preauth]
Jul 01 13:19:38 raspberry-violane.example.com sshd[1068]: Invalid user mysql_admin from 209.141.52.163 port 35900
Jul 01 13:19:38 raspberry-violane.example.com sshd[1068]: pam_unix(sshd:auth): check pass; user unknown
Jul 01 13:19:38 raspberry-violane.example.com sshd[1068]: pam_unix(sshd:auth): authentication failure; logname= uid=0 euid=0 tty=ssh ruser= rhost=209.141.52.163
Jul 01 13:19:40 raspberry-violane.example.com sshd[1068]: Failed password for invalid user mysql_admin from 209.141.52.163 port 35900 ssh2
Jul 01 13:19:41 raspberry-violane.example.com sshd[1068]: Connection closed by invalid user mysql_admin 209.141.52.163 port 35900 [preauth]
Jul 01 13:19:42 raspberry-violane.example.com sshd[1098]: Invalid user mysql_adm from 209.141.52.163 port 47444
Jul 01 13:19:42 raspberry-violane.example.com sshd[1098]: pam_unix(sshd:auth): check pass; user unknown
Jul 01 13:19:42 raspberry-violane.example.com sshd[1098]: pam_unix(sshd:auth): authentication failure; logname= uid=0 euid=0 tty=ssh ruser= rhost=209.141.52.163
Jul 01 13:19:44 raspberry-violane.example.com sshd[1098]: Failed password for invalid user mysql_adm from 209.141.52.163 port 47444 ssh2
Jul 01 13:19:45 raspberry-violane.example.com sshd[1098]: Connection closed by invalid user mysql_adm 209.141.52.163 port 47444 [preauth]
Jul 01 13:19:46 raspberry-violane.example.com sshd[1142]: Invalid user telnet from 42.194.236.9 port 43590
Jul 01 13:19:46 raspberry-violane.example.com sshd[1142]: pam_unix(sshd:auth): check pass; user unknown
Jul 01 13:19:46 raspberry-violane.example.com sshd[1142]: pam_unix(sshd:auth): authentication failure; logname= uid=0 euid=0 tty=ssh ruser= rhost=42.194.236.9
Jul 01 13:19:48 raspberry-violane.example.com sshd[1142]: Failed password for invalid user telnet from 42.194.236.9 port 43590 ssh2
Jul 01 13:19:48 raspberry-violane.example.com sshd[1142]: Connection closed by invalid user telnet 42.194.236.9 port 43590 [preauth]
Jul 01 13:19:50 raspberry-violane.example.com sshd[1144]: pam_unix(sshd:auth): authentication failure; logname= uid=0 euid=0 tty=ssh ruser= rhost=42.194.236.9  user=root
Jul 01 13:19:52 raspberry-violane.example.com sshd[1144]: Failed password for root from 42.194.236.9 port 38724 ssh2
Jul 01 13:19:52 raspberry-violane.example.com sshd[1144]: Connection closed by authenticating user root 42.194.236.9 port 38724 [preauth]
Jul 01 13:19:55 raspberry-violane.example.com sshd[1146]: Invalid user pi from 42.194.236.9 port 42578
Jul 01 13:19:55 raspberry-violane.example.com sshd[1146]: pam_unix(sshd:auth): check pass; user unknown
Jul 01 13:19:55 raspberry-violane.example.com sshd[1146]: pam_unix(sshd:auth): authentication failure; logname= uid=0 euid=0 tty=ssh ruser= rhost=42.194.236.9
Jul 01 13:19:57 raspberry-violane.example.com sshd[1146]: Failed password for invalid user pi from 42.194.236.9 port 42578 ssh2
Jul 01 13:19:59 raspberry-violane.example.com sshd[1146]: Connection closed by invalid user pi 42.194.236.9 port 42578 [preauth]
Jul 01 13:20:01 raspberry-violane.example.com sshd[1148]: pam_unix(sshd:auth): authentication failure; logname= uid=0 euid=0 tty=ssh ruser= rhost=42.194.236.9  user=root
Jul 01 13:20:04 raspberry-violane.example.com sshd[1148]: Failed password for root from 42.194.236.9 port 34544 ssh2
Jul 01 13:20:06 raspberry-violane.example.com sshd[1148]: Connection closed by authenticating user root 42.194.236.9 port 34544 [preauth]
Jul 01 13:20:07 raspberry-violane.example.com sshd[1150]: pam_unix(sshd:auth): authentication failure; logname= uid=0 euid=0 tty=ssh ruser= rhost=42.194.236.9  user=root
Jul 01 13:20:10 raspberry-violane.example.com sshd[1150]: Failed password for root from 42.194.236.9 port 34318 ssh2
Jul 01 13:20:12 raspberry-violane.example.com sshd[1150]: Connection closed by authenticating user root 42.194.236.9 port 34318 [preauth]
Jul 01 13:20:13 raspberry-violane.example.com sshd[1156]: Invalid user oracle from 42.194.236.9 port 46832
Jul 01 13:20:13 raspberry-violane.example.com sshd[1156]: pam_unix(sshd:auth): check pass; user unknown
Jul 01 13:20:13 raspberry-violane.example.com sshd[1156]: pam_unix(sshd:auth): authentication failure; logname= uid=0 euid=0 tty=ssh ruser= rhost=42.194.236.9
Jul 01 13:20:16 raspberry-violane.example.com sshd[1156]: Failed password for invalid user oracle from 42.194.236.9 port 46832 ssh2
Jul 01 13:20:17 raspberry-violane.example.com sshd[1156]: Connection closed by invalid user oracle 42.194.236.9 port 46832 [preauth]
Jul 01 13:20:21 raspberry-violane.example.com sshd[1158]: Invalid user es from 42.194.236.9 port 58272
Jul 01 13:20:22 raspberry-violane.example.com sshd[1158]: pam_unix(sshd:auth): check pass; user unknown
Jul 01 13:20:22 raspberry-violane.example.com sshd[1158]: pam_unix(sshd:auth): authentication failure; logname= uid=0 euid=0 tty=ssh ruser= rhost=42.194.236.9
Jul 01 13:20:24 raspberry-violane.example.com sshd[1158]: Failed password for invalid user es from 42.194.236.9 port 58272 ssh2
Jul 01 13:20:25 raspberry-violane.example.com sshd[1158]: Connection closed by invalid user es 42.194.236.9 port 58272 [preauth]
Jul 01 13:20:28 raspberry-violane.example.com sshd[1160]: pam_unix(sshd:auth): authentication failure; logname= uid=0 euid=0 tty=ssh ruser= rhost=42.194.236.9  user=root
Jul 01 13:20:30 raspberry-violane.example.com sshd[1160]: Failed password for root from 42.194.236.9 port 59194 ssh2
Jul 01 13:20:31 raspberry-violane.example.com sshd[1160]: Connection closed by authenticating user root 42.194.236.9 port 59194 [preauth]
Jul 01 13:20:33 raspberry-violane.example.com sshd[1162]: pam_unix(sshd:auth): authentication failure; logname= uid=0 euid=0 tty=ssh ruser= rhost=42.194.236.9  user=root
Jul 01 13:20:35 raspberry-violane.example.com sshd[1162]: Failed password for root from 42.194.236.9 port 50464 ssh2
Jul 01 13:20:36 raspberry-violane.example.com sshd[1162]: Connection closed by authenticating user root 42.194.236.9 port 50464 [preauth]
Jul 01 13:20:40 raspberry-violane.example.com sshd[1164]: pam_unix(sshd:auth): authentication failure; logname= uid=0 euid=0 tty=ssh ruser= rhost=42.194.236.9  user=root
Jul 01 13:20:42 raspberry-violane.example.com sshd[1164]: Failed password for root from 42.194.236.9 port 54748 ssh2
Jul 01 13:20:43 raspberry-violane.example.com sshd[1164]: Connection closed by authenticating user root 42.194.236.9 port 54748 [preauth]
Jul 01 13:20:49 raspberry-violane.example.com sshd[1166]: pam_unix(sshd:auth): authentication failure; logname= uid=0 euid=0 tty=ssh ruser= rhost=42.194.236.9  user=root
Jul 01 13:20:51 raspberry-violane.example.com sshd[1166]: Failed password for root from 42.194.236.9 port 46954 ssh2
Jul 01 13:20:53 raspberry-violane.example.com sshd[1166]: Connection closed by authenticating user root 42.194.236.9 port 46954 [preauth]
Jul 01 13:20:55 raspberry-violane.example.com sshd[1168]: Invalid user user1 from 42.194.236.9 port 42302
Jul 01 13:20:56 raspberry-violane.example.com sshd[1168]: pam_unix(sshd:auth): check pass; user unknown
Jul 01 13:20:56 raspberry-violane.example.com sshd[1168]: pam_unix(sshd:auth): authentication failure; logname= uid=0 euid=0 tty=ssh ruser= rhost=42.194.236.9
Jul 01 13:20:58 raspberry-violane.example.com sshd[1168]: Failed password for invalid user user1 from 42.194.236.9 port 42302 ssh2
Jul 01 13:20:59 raspberry-violane.example.com sshd[1168]: Connection closed by invalid user user1 42.194.236.9 port 42302 [preauth]
Jul 01 13:21:01 raspberry-violane.example.com sshd[1170]: pam_unix(sshd:auth): authentication failure; logname= uid=0 euid=0 tty=ssh ruser= rhost=42.194.236.9  user=root
Jul 01 13:21:04 raspberry-violane.example.com sshd[1170]: Failed password for root from 42.194.236.9 port 33704 ssh2
Jul 01 13:21:06 raspberry-violane.example.com sshd[1170]: Connection closed by authenticating user root 42.194.236.9 port 33704 [preauth]
Jul 01 13:44:03 raspberry-violane.example.com sshd[1178]: error: kex_exchange_identification: Connection closed by remote host
Jul 01 13:44:03 raspberry-violane.example.com sshd[1178]: Connection closed by 211.210.79.220 port 48338
Jul 01 13:44:05 raspberry-violane.example.com sshd[1179]: pam_unix(sshd:auth): authentication failure; logname= uid=0 euid=0 tty=ssh ruser= rhost=211.210.79.220  user=root
Jul 01 13:44:07 raspberry-violane.example.com sshd[1179]: Failed password for root from 211.210.79.220 port 48354 ssh2
Jul 01 13:44:07 raspberry-violane.example.com sshd[1179]: Connection closed by authenticating user root 211.210.79.220 port 48354 [preauth]
Jul 01 13:44:09 raspberry-violane.example.com sshd[1181]: Invalid user admin from 211.210.79.220 port 54800
Jul 01 13:44:09 raspberry-violane.example.com sshd[1181]: pam_unix(sshd:auth): check pass; user unknown
